use std.core.iterator.(Iterator, IntoIterator)
use std.core.iterator.IterStep.(Done, Yield)
use std.core.index.(Index, MutateIndex)

pub(repr) type List T = Buffer T

// Doubles capacity (minimum 4 on first growth) and moves every element
// across in one Buffer.transfer call.
def grow: <T> List T ->{mut} () = list => {
    let List(mut source) = list
    let old_capacity = Buffer.capacity source
    let new_capacity: USize = match old_capacity == 0 {
        True() => 4,
        False() => old_capacity * 2,
    }
    let mut destination: Buffer T = Buffer.with_capacity new_capacity
    Buffer.transfer (source, destination)
    list = List destination
}

companion<T> List T {
    pub def length: List T -> USize = list => {
        let List buffer = list
        Buffer.length buffer
    }

    pub def capacity: List T -> USize = list => {
        let List buffer = list
        Buffer.capacity buffer
    }

    pub def push: List T ->{mut} T -> () = list => value => {
        let List(mut buffer) = list
        match Buffer.length buffer < Buffer.capacity buffer {
            True() => Buffer.push buffer value,
            False() => {
                grow list
                let List(mut grown) = list
                Buffer.push grown value
            },
        }
    }

    pub def pop: List T ->{mut} Option T = list => {
        let List(mut buffer) = list
        Buffer.pop buffer
    }

    pub def get_ref: List T -> USize -> Ref T = list => index => {
        let List buffer = list
        Buffer.get_ref buffer index
    }
}

companion<T> List T {
    pub def new: () -> List T = () => {
        let buffer: Buffer T = Buffer.with_capacity 0
        List buffer
    }
}

companion<T> List T {
    pub def with_capacity: USize -> List T = capacity => {
        let buffer: Buffer T = Buffer.with_capacity capacity
        List buffer
    }
}

// Copy-T-gated companion: `get` reads a value out of the borrowed Ref by copy.
companion<T where Copy T> List T {
    pub def get: List T -> USize -> T = list => index => {
        let Ref value = List.get_ref list index
        value
    }
}

impl<T where Copy T> Index (List T) USize T {
    def index = (list, position) => List.get list position
}

impl<T> MutateIndex (List T) USize T {
    def mutate_index = (list, position, value) => {
        let mut reference = List.get_ref list position
        Ref.replace (reference, value)
        ()
    }
}

pub(repr) type ListIter T = (list: List T, index: USize)

// Copy-T-gated, like `get`/`Index` — yields owned copies. A Ref-yielding
// iterator for non-Copy element types is intentionally left for later.
impl<T where Copy T> Iterator (ListIter T) T {
    def next = ListIter (list, index) => match index < List.length list {
        True() => Yield (
            List.get list index,
            ListIter (list: list, index: index + 1),
        ),
        False() => Done (ListIter (list: list, index: index)),
    }
}

impl<T where Copy T> IntoIterator (List T) (ListIter T) {
    def into_iterator = list => ListIter (list: list, index: 0)
}
