pub mod

use std.core.sized.sized_opaque

use std.syntax.(Expr)

/// A C-compatible character.
@sized_opaque
pub type CChar = opaque
/// An opaque pointer to a C value of type `Pointee`.
@sized_opaque
pub type CPointer Pointee = opaque
/// A null-terminated C string.
@sized_opaque
pub type CString = opaque
impl !Copy CString {}

/// Converts a string literal to a null-terminated C string.
///
/// # Example
///
/// ```staple
/// c_string "hello\\n"
/// ```
pub macro c_string: Expr -> Expr

extern "staple-intrinsic" {
    __string_from_c_string: CString -> String
    __string_to_c_string: String -> CString
}

companion CString {
    /// Converts a C string to a Staple string.
    pub def to_string: CString -> String = value => __string_from_c_string value
    /// Converts a Staple string to a C string.
    pub def from_string: String -> CString = value => __string_to_c_string value
}
