pub mod

use std.core.sized.sized_opaque

use std.cinterop.*

/// The capability required for standard output operations.
@sized_opaque
pub type IO = opaque

pub(package) extern "c" {
    printf: (CPointer CChar, ...) -> I32
}

/// Writes a string to standard output without a trailing newline.
pub def print: String ->{IO} () = value => {
    match (CString.from_string value) {
        Ok text => { let _ = printf (c_string "%s", text); () },
        InteriorNul => panic "cannot print a string containing a NUL byte",
    }
}

/// Writes a string followed by a newline to standard output.
pub def println: String ->{IO} () = value => {
    match (CString.from_string value) {
        Ok text => { let _ = printf (c_string "%s\n", text); () },
        InteriorNul => panic "cannot print a string containing a NUL byte",
    }
}
