pub mod

companion IterStep {
    pub type Done Iter = pub wrap Iter
    pub type Yield (Item, Iter) = pub wrap (Item, Iter)
}

/// One step of an iterator: either completion or an item and next iterator.
pub type IterStep (Iter, Item) = pub from
    IterStep.Done Iter |
    IterStep.Yield (Item, Iter)

/// A type that yields values one step at a time.
pub trait Iterator Iter {
    /// The type of value yielded by each step.
    type Item

    /// Advances the iterator by one step.
    next: move Iter -> IterStep (Iter, Item)
}

/// A source that can be converted into an iterator.
pub trait IntoIterator Source {
    /// The iterator this source converts into.
    type Iter where Iterator Iter

    /// Converts this source into its iterator.
    into_iterator: move Source -> Iter
}
