pub mod

/// Provides addition.
pub trait Add T {
    /// Adds two values.
    add: (T, T) -> T
}

/// Provides subtraction.
pub trait Subtract T {
    /// Subtracts the right value from the left value.
    subtract: (T, T) -> T
}

/// Provides multiplication.
pub trait Multiply T {
    /// Multiplies two values.
    multiply: (T, T) -> T
}

/// Provides division.
pub trait Divide T {
    /// Divides the left value by the right value.
    divide: (T, T) -> T
}

/// Provides arithmetic negation, the prefix `-` operator.
pub trait Neg T {
    /// Returns the negation of a value.
    negate: T -> T
}

/// Provides logical negation, the prefix `!` operator.
pub trait Not T {
    /// Returns the logical inverse of a value.
    not: T -> T
}
