pub mod

use std.io.printf
use std.cinterop.(c_string, CString, InteriorNul)

// Nested so the raw C `exit` symbol (extern bindings are always named
// exactly after their C symbol) doesn't collide with the `exit` wrapper
// below.
mod raw {
    pub(package) extern "c" {
        exit: I32 -> ()
    }
}

use raw.exit as terminate

/// Terminates the current process with the given exit code.
pub def exit: I32 -> Never = code => {
    let _ = terminate code
    loop { continue }
}

/// Terminates the program after printing `message`.
pub def panic: String -> Never = message => {
    match (CString.from_string message) {
        Ok text => { let _ = printf (c_string "panic: %s\n", text); () },
        InteriorNul => { let _ = printf (c_string "panic: message contains an embedded NUL byte\n"); () },
    }
    exit 1
}
