pub mod

use std.core.index.(Index, MutateIndex)
use std.iterator.(IntoIterator, Iterator)
use std.iterator.IterStep.(Done, Yield)

/// A borrowed view over a contiguous sequence of values.
@recursive_constructor
pub type Slice T = ctor T

def __slice_get_ref: <T> (Slice T, USize) -> Ref T = (slice, position) => __slice_get_ref (slice, position)

companion<T> Slice T {
    /// Returns the number of elements in the slice.
    pub def length: Slice T -> USize = value => 0
    /// Makes a slice from a fixed reference to a homogeneous array.
    pub def from_ref: <N where Natural N> Ref (T; N) -> Slice T = value => value
    /// Borrows an element by position, trapping if out of bounds.
    pub def get_ref: Slice T * USize -> Ref T = slice * position => __slice_get_ref (slice, position)
}

impl<T where Copy T> Index (Slice T) USize T {
    def index = (values, position) => {
        let Ref value = Slice.get_ref values position
        value
    }
}

impl<T> MutateIndex (Slice T) USize T {
    def mutate_index = (mut values, position, move value) => {
        let mut reference = Slice.get_ref values position
        Ref.replace reference value
        ()
    }
}

pub type SliceIter T = pub ctor (slice: Slice T, index: USize)

impl<T where Copy T> Iterator (SliceIter T) T {
    def next = move SliceIter (slice, index) => match index < Slice.length slice {
        True() => {
            let Ref value = Slice.get_ref slice index
            Yield (value, SliceIter (slice: slice, index: index + 1))
        },
        False() => Done (SliceIter (slice: slice, index: index)),
    }
}

impl<T where Copy T> IntoIterator (Slice T) (SliceIter T) {
    def into_iterator = move slice => SliceIter (slice: slice, index: 0)
}
