// Open sums, nominal payloads, propagating bindings, returns, and catch-all arms.
use std.cinterop.*

extern "c" {
    let printf: (CPointer CChar, ...) -> I32
}

pub(repr) type Found = T => T
pub(repr) type Missing = String
pub(repr) type Invalid = String

def lookup: Bool -> Found I32 | Missing | Invalid = available => match available {
    True() => Found(42),
    False() => Missing("not found"),
}

// `?` unwraps Found and immediately returns either residual alternative.
def doubled: Bool -> Found I32 | Missing | Invalid = available => {
    let Found(value)? = lookup available
    Found(value + value)
}

def describe = result: Found I32 | Missing | Invalid => match result {
    Found value => printf (c_string "found %d\n", value),
    Missing message => printf (c_string "missing: %s\n", string_to_c_string message),
    _ => printf (c_string "invalid\n"),
}

def explicit_return = value: I32 => {
    return value + 1
    0
}

describe (doubled True)
describe (doubled False)
printf (c_string "explicit return: %d\n", explicit_return 41)
