// Aliases, distinct and generic types, singletons, sums, and exhaustive match.
use std.cinterop.*

extern "c" {
    let printf: (CPointer CChar, ...) -> I32
}

pub type alias Number = I32
pub(repr) type UserId = Number
pub(repr) type Box = T => (value: T)
type Enabled
type Disabled
type alias Switch = Enabled | Disabled

def unbox: T => Box T -> T = Box value => value

def switch_number = switch: Switch => match switch {
    Enabled() => 1,
    Disabled() => 0,
}

def same_switch = (left: Switch, right: Switch) => match (left, right) {
    (Enabled(), Enabled()) => True,
    (Disabled(), Disabled()) => True,
    _ => False,
}

let UserId raw_id = UserId 42
let boxed: Box I32 = Box (value: raw_id)

printf (c_string "nominal pattern: %d\n", raw_id)
printf (c_string "generic constructor: %d\n", unbox boxed)
printf (c_string "singleton match: %d\n", switch_number Enabled)

// A wildcard arm can make a product match exhaustive.
match same_switch (Enabled, Disabled) {
    True() => printf (c_string "same\n"),
    False() => printf (c_string "different\n"),
}
