pub mod

use std.string.String
use std.fmt.(Display, Debug, Formatter)

pub use std.core.number.types.*

extern "staple-intrinsic" {
    __i8_to_string: I8 -> String
    __i16_to_string: I16 -> String
    __i32_to_string: I32 -> String
    __i64_to_string: I64 -> String
    __u8_to_string: U8 -> String
    __u16_to_string: U16 -> String
    __u32_to_string: U32 -> String
    __u64_to_string: U64 -> String
    __isize_to_string: ISize -> String
    __usize_to_string: USize -> String
    __f32_to_string: F32 -> String
    __f64_to_string: F64 -> String
    __i8_add: (I8, I8) -> I8
    __i8_subtract: (I8, I8) -> I8
    __i8_multiply: (I8, I8) -> I8
    __i8_divide: (I8, I8) -> I8
    __i16_add: (I16, I16) -> I16
    __i16_subtract: (I16, I16) -> I16
    __i16_multiply: (I16, I16) -> I16
    __i16_divide: (I16, I16) -> I16
    __i32_add: (I32, I32) -> I32
    __i32_subtract: (I32, I32) -> I32
    __i32_multiply: (I32, I32) -> I32
    __i32_divide: (I32, I32) -> I32
    __i64_add: (I64, I64) -> I64
    __i64_subtract: (I64, I64) -> I64
    __i64_multiply: (I64, I64) -> I64
    __i64_divide: (I64, I64) -> I64
    __u8_add: (U8, U8) -> U8
    __u8_subtract: (U8, U8) -> U8
    __u8_multiply: (U8, U8) -> U8
    __u8_divide: (U8, U8) -> U8
    __u16_add: (U16, U16) -> U16
    __u16_subtract: (U16, U16) -> U16
    __u16_multiply: (U16, U16) -> U16
    __u16_divide: (U16, U16) -> U16
    __u32_add: (U32, U32) -> U32
    __u32_subtract: (U32, U32) -> U32
    __u32_multiply: (U32, U32) -> U32
    __u32_divide: (U32, U32) -> U32
    __u64_add: (U64, U64) -> U64
    __u64_subtract: (U64, U64) -> U64
    __u64_multiply: (U64, U64) -> U64
    __u64_divide: (U64, U64) -> U64
    __isize_add: (ISize, ISize) -> ISize
    __isize_subtract: (ISize, ISize) -> ISize
    __isize_multiply: (ISize, ISize) -> ISize
    __isize_divide: (ISize, ISize) -> ISize
    __usize_add: (USize, USize) -> USize
    __usize_subtract: (USize, USize) -> USize
    __usize_multiply: (USize, USize) -> USize
    __usize_divide: (USize, USize) -> USize
    __i8_equal: (I8, I8) -> Bool
    __i8_not_equal: (I8, I8) -> Bool
    __i8_lt: (I8, I8) -> Bool
    __i8_gt: (I8, I8) -> Bool
    __i16_equal: (I16, I16) -> Bool
    __i16_not_equal: (I16, I16) -> Bool
    __i16_lt: (I16, I16) -> Bool
    __i16_gt: (I16, I16) -> Bool
    __i32_equal: (I32, I32) -> Bool
    __i32_not_equal: (I32, I32) -> Bool
    __i32_lt: (I32, I32) -> Bool
    __i32_gt: (I32, I32) -> Bool
    __i64_equal: (I64, I64) -> Bool
    __i64_not_equal: (I64, I64) -> Bool
    __i64_lt: (I64, I64) -> Bool
    __i64_gt: (I64, I64) -> Bool
    __u8_equal: (U8, U8) -> Bool
    __u8_not_equal: (U8, U8) -> Bool
    __u8_lt: (U8, U8) -> Bool
    __u8_gt: (U8, U8) -> Bool
    __u16_equal: (U16, U16) -> Bool
    __u16_not_equal: (U16, U16) -> Bool
    __u16_lt: (U16, U16) -> Bool
    __u16_gt: (U16, U16) -> Bool
    __u32_equal: (U32, U32) -> Bool
    __u32_not_equal: (U32, U32) -> Bool
    __u32_lt: (U32, U32) -> Bool
    __u32_gt: (U32, U32) -> Bool
    __u64_equal: (U64, U64) -> Bool
    __u64_not_equal: (U64, U64) -> Bool
    __u64_lt: (U64, U64) -> Bool
    __u64_gt: (U64, U64) -> Bool
    __isize_equal: (ISize, ISize) -> Bool
    __isize_not_equal: (ISize, ISize) -> Bool
    __isize_lt: (ISize, ISize) -> Bool
    __isize_gt: (ISize, ISize) -> Bool
    __usize_equal: (USize, USize) -> Bool
    __usize_not_equal: (USize, USize) -> Bool
    __usize_lt: (USize, USize) -> Bool
    __usize_gt: (USize, USize) -> Bool
    __f32_add: (F32, F32) -> F32
    __f32_subtract: (F32, F32) -> F32
    __f32_multiply: (F32, F32) -> F32
    __f32_divide: (F32, F32) -> F32
    __f32_equal: (F32, F32) -> Bool
    __f32_not_equal: (F32, F32) -> Bool
    __f32_lt: (F32, F32) -> Bool
    __f32_gt: (F32, F32) -> Bool
    __f64_add: (F64, F64) -> F64
    __f64_subtract: (F64, F64) -> F64
    __f64_multiply: (F64, F64) -> F64
    __f64_divide: (F64, F64) -> F64
    __f64_equal: (F64, F64) -> Bool
    __f64_not_equal: (F64, F64) -> Bool
    __f64_lt: (F64, F64) -> Bool
    __f64_gt: (F64, F64) -> Bool
}

impl Display I8 { fmt = (value, mut formatter) => formatter^write (__i8_to_string value) }
impl Display I16 { fmt = (value, mut formatter) => formatter^write (__i16_to_string value) }
impl Display I32 { fmt = (value, mut formatter) => formatter^write (__i32_to_string value) }
impl Display I64 { fmt = (value, mut formatter) => formatter^write (__i64_to_string value) }
impl Display U8 { fmt = (value, mut formatter) => formatter^write (__u8_to_string value) }
impl Display U16 { fmt = (value, mut formatter) => formatter^write (__u16_to_string value) }
impl Display U32 { fmt = (value, mut formatter) => formatter^write (__u32_to_string value) }
impl Display U64 { fmt = (value, mut formatter) => formatter^write (__u64_to_string value) }
impl Display ISize { fmt = (value, mut formatter) => formatter^write (__isize_to_string value) }
impl Display USize { fmt = (value, mut formatter) => formatter^write (__usize_to_string value) }
impl Display F32 { fmt = (value, mut formatter) => formatter^write (__f32_to_string value) }
impl Display F64 { fmt = (value, mut formatter) => formatter^write (__f64_to_string value) }

impl Debug I8 { fmt = (value, mut formatter) => Display.fmt (value, formatter) }
impl Debug I16 { fmt = (value, mut formatter) => Display.fmt (value, formatter) }
impl Debug I32 { fmt = (value, mut formatter) => Display.fmt (value, formatter) }
impl Debug I64 { fmt = (value, mut formatter) => Display.fmt (value, formatter) }
impl Debug U8 { fmt = (value, mut formatter) => Display.fmt (value, formatter) }
impl Debug U16 { fmt = (value, mut formatter) => Display.fmt (value, formatter) }
impl Debug U32 { fmt = (value, mut formatter) => Display.fmt (value, formatter) }
impl Debug U64 { fmt = (value, mut formatter) => Display.fmt (value, formatter) }
impl Debug ISize { fmt = (value, mut formatter) => Display.fmt (value, formatter) }
impl Debug USize { fmt = (value, mut formatter) => Display.fmt (value, formatter) }
impl Debug F32 { fmt = (value, mut formatter) => Display.fmt (value, formatter) }
impl Debug F64 { fmt = (value, mut formatter) => Display.fmt (value, formatter) }

impl Add I8 {
    add = (left, right) => __i8_add (left, right)
}

impl Subtract I8 {
    subtract = (left, right) => __i8_subtract (left, right)
}

impl Multiply I8 {
    multiply = (left, right) => __i8_multiply (left, right)
}

impl Divide I8 {
    divide = (left, right) => __i8_divide (left, right)
}

impl Add I16 {
    add = (left, right) => __i16_add (left, right)
}

impl Subtract I16 {
    subtract = (left, right) => __i16_subtract (left, right)
}

impl Multiply I16 {
    multiply = (left, right) => __i16_multiply (left, right)
}

impl Divide I16 {
    divide = (left, right) => __i16_divide (left, right)
}

impl Add I32 {
    add = (left, right) => __i32_add (left, right)
}

impl Subtract I32 {
    subtract = (left, right) => __i32_subtract (left, right)
}

impl Multiply I32 {
    multiply = (left, right) => __i32_multiply (left, right)
}

impl Divide I32 {
    divide = (left, right) => __i32_divide (left, right)
}

impl Add I64 {
    add = (left, right) => __i64_add (left, right)
}

impl Subtract I64 {
    subtract = (left, right) => __i64_subtract (left, right)
}

impl Multiply I64 {
    multiply = (left, right) => __i64_multiply (left, right)
}

impl Divide I64 {
    divide = (left, right) => __i64_divide (left, right)
}

impl Add U8 {
    add = (left, right) => __u8_add (left, right)
}

impl Subtract U8 {
    subtract = (left, right) => __u8_subtract (left, right)
}

impl Multiply U8 {
    multiply = (left, right) => __u8_multiply (left, right)
}

impl Divide U8 {
    divide = (left, right) => __u8_divide (left, right)
}

impl Add U16 {
    add = (left, right) => __u16_add (left, right)
}

impl Subtract U16 {
    subtract = (left, right) => __u16_subtract (left, right)
}

impl Multiply U16 {
    multiply = (left, right) => __u16_multiply (left, right)
}

impl Divide U16 {
    divide = (left, right) => __u16_divide (left, right)
}

impl Add U32 {
    add = (left, right) => __u32_add (left, right)
}

impl Subtract U32 {
    subtract = (left, right) => __u32_subtract (left, right)
}

impl Multiply U32 {
    multiply = (left, right) => __u32_multiply (left, right)
}

impl Divide U32 {
    divide = (left, right) => __u32_divide (left, right)
}

impl Add U64 {
    add = (left, right) => __u64_add (left, right)
}

impl Subtract U64 {
    subtract = (left, right) => __u64_subtract (left, right)
}

impl Multiply U64 {
    multiply = (left, right) => __u64_multiply (left, right)
}

impl Divide U64 {
    divide = (left, right) => __u64_divide (left, right)
}

impl Add ISize {
    add = (left, right) => __isize_add (left, right)
}

impl Subtract ISize {
    subtract = (left, right) => __isize_subtract (left, right)
}

impl Multiply ISize {
    multiply = (left, right) => __isize_multiply (left, right)
}

impl Divide ISize {
    divide = (left, right) => __isize_divide (left, right)
}

impl Add USize {
    add = (left, right) => __usize_add (left, right)
}

impl Subtract USize {
    subtract = (left, right) => __usize_subtract (left, right)
}

impl Multiply USize {
    multiply = (left, right) => __usize_multiply (left, right)
}

impl Divide USize {
    divide = (left, right) => __usize_divide (left, right)
}

impl Eq I8 {
    eq = (left, right) => __i8_equal (left, right)
    ne = (left, right) => __i8_not_equal (left, right)
}

impl PartialOrd I8 {
    partial_cmp = (left, right) => when {
        __i8_lt (left, right) => Some (Ordering.Less satisfies Ordering),
        __i8_gt (left, right) => Some (Ordering.Greater satisfies Ordering),
        else => Some (Ordering.Equal satisfies Ordering),
    }
}

impl Ord I8 {
    cmp = (left, right) => when {
        __i8_lt (left, right) => Ordering.Less,
        __i8_gt (left, right) => Ordering.Greater,
        else => Ordering.Equal,
    }
}

impl Eq I16 {
    eq = (left, right) => __i16_equal (left, right)
    ne = (left, right) => __i16_not_equal (left, right)
}

impl PartialOrd I16 {
    partial_cmp = (left, right) => when {
        __i16_lt (left, right) => Some (Ordering.Less satisfies Ordering),
        __i16_gt (left, right) => Some (Ordering.Greater satisfies Ordering),
        else => Some (Ordering.Equal satisfies Ordering),
    }
}

impl Ord I16 {
    cmp = (left, right) => when {
        __i16_lt (left, right) => Ordering.Less,
        __i16_gt (left, right) => Ordering.Greater,
        else => Ordering.Equal,
    }
}

impl Eq I32 {
    eq = (left, right) => __i32_equal (left, right)
    ne = (left, right) => __i32_not_equal (left, right)
}

impl PartialOrd I32 {
    partial_cmp = (left, right) => when {
        __i32_lt (left, right) => Some (Ordering.Less satisfies Ordering),
        __i32_gt (left, right) => Some (Ordering.Greater satisfies Ordering),
        else => Some (Ordering.Equal satisfies Ordering),
    }
}

impl Ord I32 {
    cmp = (left, right) => when {
        __i32_lt (left, right) => Ordering.Less,
        __i32_gt (left, right) => Ordering.Greater,
        else => Ordering.Equal,
    }
}

impl Eq I64 {
    eq = (left, right) => __i64_equal (left, right)
    ne = (left, right) => __i64_not_equal (left, right)
}

impl PartialOrd I64 {
    partial_cmp = (left, right) => when {
        __i64_lt (left, right) => Some (Ordering.Less satisfies Ordering),
        __i64_gt (left, right) => Some (Ordering.Greater satisfies Ordering),
        else => Some (Ordering.Equal satisfies Ordering),
    }
}

impl Ord I64 {
    cmp = (left, right) => when {
        __i64_lt (left, right) => Ordering.Less,
        __i64_gt (left, right) => Ordering.Greater,
        else => Ordering.Equal,
    }
}

impl Eq U8 {
    eq = (left, right) => __u8_equal (left, right)
    ne = (left, right) => __u8_not_equal (left, right)
}

impl PartialOrd U8 {
    partial_cmp = (left, right) => when {
        __u8_lt (left, right) => Some (Ordering.Less satisfies Ordering),
        __u8_gt (left, right) => Some (Ordering.Greater satisfies Ordering),
        else => Some (Ordering.Equal satisfies Ordering),
    }
}

impl Ord U8 {
    cmp = (left, right) => when {
        __u8_lt (left, right) => Ordering.Less,
        __u8_gt (left, right) => Ordering.Greater,
        else => Ordering.Equal,
    }
}

impl Eq U16 {
    eq = (left, right) => __u16_equal (left, right)
    ne = (left, right) => __u16_not_equal (left, right)
}

impl PartialOrd U16 {
    partial_cmp = (left, right) => when {
        __u16_lt (left, right) => Some (Ordering.Less satisfies Ordering),
        __u16_gt (left, right) => Some (Ordering.Greater satisfies Ordering),
        else => Some (Ordering.Equal satisfies Ordering),
    }
}

impl Ord U16 {
    cmp = (left, right) => when {
        __u16_lt (left, right) => Ordering.Less,
        __u16_gt (left, right) => Ordering.Greater,
        else => Ordering.Equal,
    }
}

impl Eq U32 {
    eq = (left, right) => __u32_equal (left, right)
    ne = (left, right) => __u32_not_equal (left, right)
}

impl PartialOrd U32 {
    partial_cmp = (left, right) => when {
        __u32_lt (left, right) => Some (Ordering.Less satisfies Ordering),
        __u32_gt (left, right) => Some (Ordering.Greater satisfies Ordering),
        else => Some (Ordering.Equal satisfies Ordering),
    }
}

impl Ord U32 {
    cmp = (left, right) => when {
        __u32_lt (left, right) => Ordering.Less,
        __u32_gt (left, right) => Ordering.Greater,
        else => Ordering.Equal,
    }
}

impl Eq U64 {
    eq = (left, right) => __u64_equal (left, right)
    ne = (left, right) => __u64_not_equal (left, right)
}

impl PartialOrd U64 {
    partial_cmp = (left, right) => when {
        __u64_lt (left, right) => Some (Ordering.Less satisfies Ordering),
        __u64_gt (left, right) => Some (Ordering.Greater satisfies Ordering),
        else => Some (Ordering.Equal satisfies Ordering),
    }
}

impl Ord U64 {
    cmp = (left, right) => when {
        __u64_lt (left, right) => Ordering.Less,
        __u64_gt (left, right) => Ordering.Greater,
        else => Ordering.Equal,
    }
}

impl Eq ISize {
    eq = (left, right) => __isize_equal (left, right)
    ne = (left, right) => __isize_not_equal (left, right)
}

impl PartialOrd ISize {
    partial_cmp = (left, right) => when {
        __isize_lt (left, right) => Some (Ordering.Less satisfies Ordering),
        __isize_gt (left, right) => Some (Ordering.Greater satisfies Ordering),
        else => Some (Ordering.Equal satisfies Ordering),
    }
}

impl Ord ISize {
    cmp = (left, right) => when {
        __isize_lt (left, right) => Ordering.Less,
        __isize_gt (left, right) => Ordering.Greater,
        else => Ordering.Equal,
    }
}

impl Eq USize {
    eq = (left, right) => __usize_equal (left, right)
    ne = (left, right) => __usize_not_equal (left, right)
}

impl PartialOrd USize {
    partial_cmp = (left, right) => when {
        __usize_lt (left, right) => Some (Ordering.Less satisfies Ordering),
        __usize_gt (left, right) => Some (Ordering.Greater satisfies Ordering),
        else => Some (Ordering.Equal satisfies Ordering),
    }
}

impl Ord USize {
    cmp = (left, right) => when {
        __usize_lt (left, right) => Ordering.Less,
        __usize_gt (left, right) => Ordering.Greater,
        else => Ordering.Equal,
    }
}

impl Add F32 {
    add = (left, right) => __f32_add (left, right)
}

impl Subtract F32 {
    subtract = (left, right) => __f32_subtract (left, right)
}

impl Multiply F32 {
    multiply = (left, right) => __f32_multiply (left, right)
}

impl Divide F32 {
    divide = (left, right) => __f32_divide (left, right)
}

impl Eq F32 {
    eq = (left, right) => __f32_equal (left, right)
    ne = (left, right) => __f32_not_equal (left, right)
}

impl PartialOrd F32 {
    partial_cmp = (left, right) => when {
        __f32_lt (left, right) => Some (Ordering.Less satisfies Ordering),
        __f32_gt (left, right) => Some (Ordering.Greater satisfies Ordering),
        __f32_equal (left, right) => Some (Ordering.Equal satisfies Ordering),
        else => None,
    }
}

impl Add F64 {
    add = (left, right) => __f64_add (left, right)
}

impl Subtract F64 {
    subtract = (left, right) => __f64_subtract (left, right)
}

impl Multiply F64 {
    multiply = (left, right) => __f64_multiply (left, right)
}

impl Divide F64 {
    divide = (left, right) => __f64_divide (left, right)
}

impl Eq F64 {
    eq = (left, right) => __f64_equal (left, right)
    ne = (left, right) => __f64_not_equal (left, right)
}

impl PartialOrd F64 {
    partial_cmp = (left, right) => when {
        __f64_lt (left, right) => Some (Ordering.Less satisfies Ordering),
        __f64_gt (left, right) => Some (Ordering.Greater satisfies Ordering),
        __f64_equal (left, right) => Some (Ordering.Equal satisfies Ordering),
        else => None,
    }
}

// Arithmetic negation. `-x` desugars to `Neg.negate x`; each signed
// implementation is defined in terms of the type's `Subtract` intrinsic, so no
// dedicated negation intrinsic is required. Unsigned integers have no `Neg`
// implementation, mirroring their lack of a signed range.
impl Neg I8 { negate = value => 0 - value }
impl Neg I16 { negate = value => 0 - value }
impl Neg I32 { negate = value => 0 - value }
impl Neg I64 { negate = value => 0 - value }
impl Neg ISize { negate = value => 0 - value }
impl Neg F32 { negate = value => 0.0 - value }
impl Neg F64 { negate = value => 0.0 - value }
