pub mod

use std.iterator.(IntoIterator, Iterator)
use std.iterator.IterStep.(Done, Yield)

/// A half-open range from `current` up to, but excluding, `end`.
pub type Range T = pub wrap (
    current: T,
    end: T,
)

/// A range that includes its final `end` value.
pub type RangeInclusive T = pub wrap (
    current: T,
    end: T,
    finished: Bool,
)

/// Creates a half-open range from `start` to `end`.
pub def range : <T where Copy T> T -> T -> Range T = start => end => Range (
    current: start,
    end: end,
)

/// Creates an inclusive range from `start` to `end`.
pub def range_inclusive : <T where Copy T> T -> T -> RangeInclusive T = start => end => RangeInclusive (
    current: start,
    end: end,
    finished: False,
)

impl Iterator (Range I8) I8 {
    next = move Range (current, end) => if (current < end) {
        Yield (
            current,
            Range (
                current: current + 1,
                end: end,
            ),
        )
    } else {
        Done (Range (
            current: current,
            end: end,
        ))
    }
}

impl IntoIterator (Range I8) (Range I8) {
    into_iterator = move iterator => iterator
}

impl Iterator (RangeInclusive I8) I8 {
    next = move RangeInclusive (current, end, finished) => when {
        finished => Done (RangeInclusive (
            current: current,
            end: end,
            finished: True,
        )),
        current < end => Yield (
            current,
            RangeInclusive (
                current: current + 1,
                end: end,
                finished: False,
            ),
        ),
        current == end => Yield (
            current,
            RangeInclusive (
                current: current,
                end: end,
                finished: True,
            ),
        ),
        else => Done (RangeInclusive (
            current: current,
            end: end,
            finished: True,
        )),
    }
}

impl IntoIterator (RangeInclusive I8) (RangeInclusive I8) {
    into_iterator = move iterator => iterator
}

impl Iterator (Range I16) I16 {
    next = move Range (current, end) => if (current < end) {
        Yield (
            current,
            Range (
                current: current + 1,
                end: end,
            ),
        )
    } else {
        Done (Range (
            current: current,
            end: end,
        ))
    }
}

impl IntoIterator (Range I16) (Range I16) {
    into_iterator = move iterator => iterator
}

impl Iterator (RangeInclusive I16) I16 {
    next = move RangeInclusive (current, end, finished) => when {
        finished => Done (RangeInclusive (
            current: current,
            end: end,
            finished: True,
        )),
        current < end => Yield (
            current,
            RangeInclusive (
                current: current + 1,
                end: end,
                finished: False,
            ),
        ),
        current == end => Yield (
            current,
            RangeInclusive (
                current: current,
                end: end,
                finished: True,
            ),
        ),
        else => Done (RangeInclusive (
            current: current,
            end: end,
            finished: True,
        )),
    }
}

impl IntoIterator (RangeInclusive I16) (RangeInclusive I16) {
    into_iterator = move iterator => iterator
}

impl Iterator (Range I32) I32 {
    next = move Range (current, end) => if (current < end) {
        Yield (
            current,
            Range (
                current: current + 1,
                end: end,
            ),
        )
    } else {
        Done (Range (
            current: current,
            end: end,
        ))
    }
}

impl IntoIterator (Range I32) (Range I32) {
    into_iterator = move iterator => iterator
}

impl Iterator (RangeInclusive I32) I32 {
    next = move RangeInclusive (current, end, finished) => when {
        finished => Done (RangeInclusive (
            current: current,
            end: end,
            finished: True,
        )),
        current < end => Yield (
            current,
            RangeInclusive (
                current: current + 1,
                end: end,
                finished: False,
            ),
        ),
        current == end => Yield (
            current,
            RangeInclusive (
                current: current,
                end: end,
                finished: True,
            ),
        ),
        else => Done (RangeInclusive (
            current: current,
            end: end,
            finished: True,
        )),
    }
}

impl IntoIterator (RangeInclusive I32) (RangeInclusive I32) {
    into_iterator = move iterator => iterator
}

impl Iterator (Range I64) I64 {
    next = move Range (current, end) => if (current < end) {
        Yield (
            current,
            Range (
                current: current + 1,
                end: end,
            ),
        )
    } else {
        Done (Range (
            current: current,
            end: end,
        ))
    }
}

impl IntoIterator (Range I64) (Range I64) {
    into_iterator = move iterator => iterator
}

impl Iterator (RangeInclusive I64) I64 {
    next = move RangeInclusive (current, end, finished) => when {
        finished => Done (RangeInclusive (
            current: current,
            end: end,
            finished: True,
        )),
        current < end => Yield (
            current,
            RangeInclusive (
                current: current + 1,
                end: end,
                finished: False,
            ),
        ),
        current == end => Yield (
            current,
            RangeInclusive (
                current: current,
                end: end,
                finished: True,
            ),
        ),
        else => Done (RangeInclusive (
            current: current,
            end: end,
            finished: True,
        )),
    }
}

impl IntoIterator (RangeInclusive I64) (RangeInclusive I64) {
    into_iterator = move iterator => iterator
}

impl Iterator (Range U8) U8 {
    next = move Range (current, end) => if (current < end) {
        Yield (
            current,
            Range (
                current: current + 1,
                end: end,
            ),
        )
    } else {
        Done (Range (
            current: current,
            end: end,
        ))
    }
}

impl IntoIterator (Range U8) (Range U8) {
    into_iterator = move iterator => iterator
}

impl Iterator (RangeInclusive U8) U8 {
    next = move RangeInclusive (current, end, finished) => when {
        finished => Done (RangeInclusive (
            current: current,
            end: end,
            finished: True,
        )),
        current < end => Yield (
            current,
            RangeInclusive (
                current: current + 1,
                end: end,
                finished: False,
            ),
        ),
        current == end => Yield (
            current,
            RangeInclusive (
                current: current,
                end: end,
                finished: True,
            ),
        ),
        else => Done (RangeInclusive (
            current: current,
            end: end,
            finished: True,
        )),
    }
}

impl IntoIterator (RangeInclusive U8) (RangeInclusive U8) {
    into_iterator = move iterator => iterator
}

impl Iterator (Range U16) U16 {
    next = move Range (current, end) => if (current < end) {
        Yield (
            current,
            Range (
                current: current + 1,
                end: end,
            ),
        )
    } else {
        Done (Range (
            current: current,
            end: end,
        ))
    }
}

impl IntoIterator (Range U16) (Range U16) {
    into_iterator = move iterator => iterator
}

impl Iterator (RangeInclusive U16) U16 {
    next = move RangeInclusive (current, end, finished) => when {
        finished => Done (RangeInclusive (
            current: current,
            end: end,
            finished: True,
        )),
        current < end => Yield (
            current,
            RangeInclusive (
                current: current + 1,
                end: end,
                finished: False,
            ),
        ),
        current == end => Yield (
            current,
            RangeInclusive (
                current: current,
                end: end,
                finished: True,
            ),
        ),
        else => Done (RangeInclusive (
            current: current,
            end: end,
            finished: True,
        )),
    }
}

impl IntoIterator (RangeInclusive U16) (RangeInclusive U16) {
    into_iterator = move iterator => iterator
}

impl Iterator (Range U32) U32 {
    next = move Range (current, end) => if (current < end) {
        Yield (
            current,
            Range (
                current: current + 1,
                end: end,
            ),
        )
    } else {
        Done (Range (
            current: current,
            end: end,
        ))
    }
}

impl IntoIterator (Range U32) (Range U32) {
    into_iterator = move iterator => iterator
}

impl Iterator (RangeInclusive U32) U32 {
    next = move RangeInclusive (current, end, finished) => when {
        finished => Done (RangeInclusive (
            current: current,
            end: end,
            finished: True,
        )),
        current < end => Yield (
            current,
            RangeInclusive (
                current: current + 1,
                end: end,
                finished: False,
            ),
        ),
        current == end => Yield (
            current,
            RangeInclusive (
                current: current,
                end: end,
                finished: True,
            ),
        ),
        else => Done (RangeInclusive (
            current: current,
            end: end,
            finished: True,
        )),
    }
}

impl IntoIterator (RangeInclusive U32) (RangeInclusive U32) {
    into_iterator = move iterator => iterator
}

impl Iterator (Range U64) U64 {
    next = move Range (current, end) => if (current < end) {
        Yield (
            current,
            Range (
                current: current + 1,
                end: end,
            ),
        )
    } else {
        Done (Range (
            current: current,
            end: end,
        ))
    }
}

impl IntoIterator (Range U64) (Range U64) {
    into_iterator = move iterator => iterator
}

impl Iterator (RangeInclusive U64) U64 {
    next = move RangeInclusive (current, end, finished) => when {
        finished => Done (RangeInclusive (
            current: current,
            end: end,
            finished: True,
        )),
        current < end => Yield (
            current,
            RangeInclusive (
                current: current + 1,
                end: end,
                finished: False,
            ),
        ),
        current == end => Yield (
            current,
            RangeInclusive (
                current: current,
                end: end,
                finished: True,
            ),
        ),
        else => Done (RangeInclusive (
            current: current,
            end: end,
            finished: True,
        )),
    }
}

impl IntoIterator (RangeInclusive U64) (RangeInclusive U64) {
    into_iterator = move iterator => iterator
}

impl Iterator (Range ISize) ISize {
    next = move Range (current, end) => if (current < end) {
        Yield (
            current,
            Range (
                current: current + 1,
                end: end,
            ),
        )
    } else {
        Done (Range (
            current: current,
            end: end,
        ))
    }
}

impl IntoIterator (Range ISize) (Range ISize) {
    into_iterator = move iterator => iterator
}

impl Iterator (RangeInclusive ISize) ISize {
    next = move RangeInclusive (current, end, finished) => when {
        finished => Done (RangeInclusive (
            current: current,
            end: end,
            finished: True,
        )),
        current < end => Yield (
            current,
            RangeInclusive (
                current: current + 1,
                end: end,
                finished: False,
            ),
        ),
        current == end => Yield (
            current,
            RangeInclusive (
                current: current,
                end: end,
                finished: True,
            ),
        ),
        else => Done (RangeInclusive (
            current: current,
            end: end,
            finished: True,
        )),
    }
}

impl IntoIterator (RangeInclusive ISize) (RangeInclusive ISize) {
    into_iterator = move iterator => iterator
}

impl Iterator (Range USize) USize {
    next = move Range (current, end) => if (current < end) {
        Yield (
            current,
            Range (
                current: current + 1,
                end: end,
            ),
        )
    } else {
        Done (Range (
            current: current,
            end: end,
        ))
    }
}

impl IntoIterator (Range USize) (Range USize) {
    into_iterator = move iterator => iterator
}

impl Iterator (RangeInclusive USize) USize {
    next = move RangeInclusive (current, end, finished) => when {
        finished => Done (RangeInclusive (
            current: current,
            end: end,
            finished: True,
        )),
        current < end => Yield (
            current,
            RangeInclusive (
                current: current + 1,
                end: end,
                finished: False,
            ),
        ),
        current == end => Yield (
            current,
            RangeInclusive (
                current: current,
                end: end,
                finished: True,
            ),
        ),
        else => Done (RangeInclusive (
            current: current,
            end: end,
            finished: True,
        )),
    }
}

impl IntoIterator (RangeInclusive USize) (RangeInclusive USize) {
    into_iterator = move iterator => iterator
}
